// Jest Snapshot v1, https://goo.gl/fbAQLP

exports[`ToastMessage component ToastMessage가 기존 스냅샷과 같습니다. 1`] = `<div />`;
